/Users/lizhenyu/Downloads/health/uaa/src/main/java/top.azstudio.uaa/entity/DrugType.java
/Users/lizhenyu/Downloads/health/uaa/src/main/java/top.azstudio.uaa/entity/Question.java
/Users/lizhenyu/Downloads/health/uaa/src/main/java/top.azstudio.uaa/config/DuridConfig.java
/Users/lizhenyu/Downloads/health/uaa/src/main/java/top.azstudio.uaa/service/AdvServiceImpl.java
/Users/lizhenyu/Downloads/health/uaa/src/main/java/top.azstudio.uaa/entity/Drug.java
/Users/lizhenyu/Downloads/health/uaa/src/main/java/top.azstudio.uaa/mapper/QuestionMapper.java
/Users/lizhenyu/Downloads/health/uaa/src/main/java/top.azstudio.uaa/mapper/AdvMapper.java
/Users/lizhenyu/Downloads/health/uaa/src/main/java/top.azstudio.uaa/controller/UserController.java
/Users/lizhenyu/Downloads/health/uaa/src/main/java/top.azstudio.uaa/mapper/UaaMapperProvider.java
/Users/lizhenyu/Downloads/health/uaa/src/main/java/top.azstudio.uaa/config/wxLogin.java
/Users/lizhenyu/Downloads/health/uaa/src/main/java/top.azstudio.uaa/config/GlobalCorsConfig.java
/Users/lizhenyu/Downloads/health/uaa/src/main/java/top.azstudio.uaa/config/MD5.java
/Users/lizhenyu/Downloads/health/uaa/src/main/java/top.azstudio.uaa/entity/DrugV.java
/Users/lizhenyu/Downloads/health/uaa/src/main/java/top.azstudio.uaa/service/DrugServiceImpl.java
/Users/lizhenyu/Downloads/health/uaa/src/main/java/top.azstudio.uaa/service/QuestionService.java
/Users/lizhenyu/Downloads/health/uaa/src/main/java/top.azstudio.uaa/entity/HealthInfo.java
/Users/lizhenyu/Downloads/health/uaa/src/main/java/top.azstudio.uaa/controller/ExceptionController.java
/Users/lizhenyu/Downloads/health/uaa/src/main/java/top.azstudio.uaa/controller/DrugController.java
/Users/lizhenyu/Downloads/health/uaa/src/main/java/top.azstudio.uaa/service/QuestionServiceImpl.java
/Users/lizhenyu/Downloads/health/uaa/src/main/java/top.azstudio.uaa/entity/Article.java
/Users/lizhenyu/Downloads/health/uaa/src/main/java/top.azstudio.uaa/service/AdvService.java
/Users/lizhenyu/Downloads/health/uaa/src/main/java/top.azstudio.uaa/Application.java
/Users/lizhenyu/Downloads/health/uaa/src/main/java/top.azstudio.uaa/entity/User.java
/Users/lizhenyu/Downloads/health/uaa/src/main/java/top.azstudio.uaa/service/UaaService.java
/Users/lizhenyu/Downloads/health/uaa/src/main/java/top.azstudio.uaa/controller/AdvertisementController.java
/Users/lizhenyu/Downloads/health/uaa/src/main/java/top.azstudio.uaa/entity/DrugOrder.java
/Users/lizhenyu/Downloads/health/uaa/src/main/java/top.azstudio.uaa/config/DesUtil.java
/Users/lizhenyu/Downloads/health/uaa/src/main/java/top.azstudio.uaa/mapper/UaaMapper.java
/Users/lizhenyu/Downloads/health/uaa/src/main/java/top.azstudio.uaa/config/BackJSON.java
/Users/lizhenyu/Downloads/health/uaa/src/main/java/top.azstudio.uaa/mapper/DrugMapper.java
/Users/lizhenyu/Downloads/health/uaa/src/main/java/top.azstudio.uaa/controller/QuestionController.java
/Users/lizhenyu/Downloads/health/uaa/src/main/java/top.azstudio.uaa/service/UaaServiceImpl.java
/Users/lizhenyu/Downloads/health/uaa/src/main/java/top.azstudio.uaa/service/DrugService.java
